MEPACK_1.0 {
    global:
        mepack_options_blocksize_double_mp_tgcsylv_blocksize_2stage_fixed_;
        mepack_options_blocksize_double_mp_tgcsylv_blocksize_mb_fixed_;
        mepack_options_blocksize_double_mp_tgcsylv_blocksize_nb_fixed_;
        mepack_options_blocksize_double_mp_tgcsylv_dual_blocksize_2stage_fixed_;
        mepack_options_blocksize_double_mp_tgcsylv_dual_blocksize_mb_fixed_;
        mepack_options_blocksize_double_mp_tgcsylv_dual_blocksize_nb_fixed_;
        mepack_options_blocksize_double_mp_tglyap_blocksize_2stage_fixed_;
        mepack_options_blocksize_double_mp_tglyap_blocksize_fixed_;
        mepack_options_blocksize_double_mp_tgstein_blocksize_2stage_fixed_;
        mepack_options_blocksize_double_mp_tgstein_blocksize_fixed_;
        mepack_options_blocksize_double_mp_tgsylv_blocksize_2stage_fixed_;
        mepack_options_blocksize_double_mp_tgsylv_blocksize_mb_fixed_;
        mepack_options_blocksize_double_mp_tgsylv_blocksize_nb_fixed_;
        mepack_options_blocksize_double_mp_trlyap_blocksize_2stage_fixed_;
        mepack_options_blocksize_double_mp_trlyap_blocksize_fixed_;
        mepack_options_blocksize_double_mp_trstein_blocksize_2stage_fixed_;
        mepack_options_blocksize_double_mp_trstein_blocksize_fixed_;
        mepack_options_blocksize_double_mp_trsylv2_blocksize_2stage_fixed_;
        mepack_options_blocksize_double_mp_trsylv2_blocksize_mb_fixed_;
        mepack_options_blocksize_double_mp_trsylv2_blocksize_nb_fixed_;
        mepack_options_blocksize_double_mp_trsylv_blocksize_2stage_fixed_;
        mepack_options_blocksize_double_mp_trsylv_blocksize_mb_fixed_;
        mepack_options_blocksize_double_mp_trsylv_blocksize_nb_fixed_;
        mepack_options_blocksize_single_mp_tgcsylv_blocksize_2stage_fixed_;
        mepack_options_blocksize_single_mp_tgcsylv_blocksize_mb_fixed_;
        mepack_options_blocksize_single_mp_tgcsylv_blocksize_nb_fixed_;
        mepack_options_blocksize_single_mp_tgcsylv_dual_blocksize_2stage_fixed_;
        mepack_options_blocksize_single_mp_tgcsylv_dual_blocksize_mb_fixed_;
        mepack_options_blocksize_single_mp_tgcsylv_dual_blocksize_nb_fixed_;
        mepack_options_blocksize_single_mp_tglyap_blocksize_2stage_fixed_;
        mepack_options_blocksize_single_mp_tglyap_blocksize_fixed_;
        mepack_options_blocksize_single_mp_tgstein_blocksize_2stage_fixed_;
        mepack_options_blocksize_single_mp_tgstein_blocksize_fixed_;
        mepack_options_blocksize_single_mp_tgsylv_blocksize_2stage_fixed_;
        mepack_options_blocksize_single_mp_tgsylv_blocksize_mb_fixed_;
        mepack_options_blocksize_single_mp_tgsylv_blocksize_nb_fixed_;
        mepack_options_blocksize_single_mp_trlyap_blocksize_2stage_fixed_;
        mepack_options_blocksize_single_mp_trlyap_blocksize_fixed_;
        mepack_options_blocksize_single_mp_trstein_blocksize_2stage_fixed_;
        mepack_options_blocksize_single_mp_trstein_blocksize_fixed_;
        mepack_options_blocksize_single_mp_trsylv2_blocksize_2stage_fixed_;
        mepack_options_blocksize_single_mp_trsylv2_blocksize_mb_fixed_;
        mepack_options_blocksize_single_mp_trsylv2_blocksize_nb_fixed_;
        mepack_options_blocksize_single_mp_trsylv_blocksize_2stage_fixed_;
        mepack_options_blocksize_single_mp_trsylv_blocksize_mb_fixed_;
        mepack_options_blocksize_single_mp_trsylv_blocksize_nb_fixed_;
        mepack_options_frontend_solver_mp_frontend_solver_tgcsylv_;
        mepack_options_frontend_solver_mp_frontend_solver_tgcsylv_dual_;
        mepack_options_frontend_solver_mp_frontend_solver_tglyap_;
        mepack_options_frontend_solver_mp_frontend_solver_tgstein_;
        mepack_options_frontend_solver_mp_frontend_solver_tgsylv_;
        mepack_options_frontend_solver_mp_frontend_solver_trlyap_;
        mepack_options_frontend_solver_mp_frontend_solver_trstein_;
        mepack_options_frontend_solver_mp_frontend_solver_trsylv_;
        mepack_options_frontend_solver_mp_frontend_solver_trsylv2_;
        mepack_options_isolver_mp_isolver_tgcsylv_;
        mepack_options_isolver_mp_isolver_tgcsylv_dual_;
        mepack_options_isolver_mp_isolver_tglyap_;
        mepack_options_isolver_mp_isolver_tgstein_;
        mepack_options_isolver_mp_isolver_tgsylv_;
        mepack_options_isolver_mp_isolver_trlyap_;
        mepack_options_isolver_mp_isolver_trstein_;
        mepack_options_isolver_mp_isolver_trsylv_;
        mepack_options_isolver_mp_isolver_trsylv2_;
        mepack_options_machine_single_mp_big_number_;
        mepack_options_machine_single_mp_machine_precision_;
        mepack_options_machine_single_mp_small_number_;
        mepack_options_openmp_mp_use_openmp_;
        mepack_options_sortev_mp_sortev_enabled_var_;
        mepack_options_verbose_mp_verbosity_level_;
        mepack_options_machine_double_mp_big_number_;
        mepack_options_machine_double_mp_machine_precision_;
        mepack_options_machine_double_mp_small_number_;
        mepack_options_openmp_mp_openmp_enabled_;
        mepack_options_sortev_mp_sortev_enabled_;
        mepack_options_verbose_mp_verbose_get_;
        mepack_options_openmp_mp_openmp_enable_;
        mepack_options_sortev_mp_sortev_enable_;
        mepack_options_verbose_mp_verbose_set_;
        mepack_options_blocksize_double_mp_tgcsylv_blocksize_2stage_set_;
        mepack_options_blocksize_double_mp_tgcsylv_blocksize_mb_set_;
        mepack_options_blocksize_double_mp_tgcsylv_blocksize_nb_set_;
        mepack_options_blocksize_double_mp_tgcsylv_dual_blocksize_2stage_set_;
        mepack_options_blocksize_double_mp_tgcsylv_dual_blocksize_mb_set_;
        mepack_options_blocksize_double_mp_tgcsylv_dual_blocksize_nb_set_;
        mepack_options_blocksize_double_mp_tglyap_blocksize_2stage_set_;
        mepack_options_blocksize_double_mp_tglyap_blocksize_set_;
        mepack_options_blocksize_double_mp_tgstein_blocksize_2stage_set_;
        mepack_options_blocksize_double_mp_tgstein_blocksize_set_;
        mepack_options_blocksize_double_mp_tgsylv_blocksize_2stage_set_;
        mepack_options_blocksize_double_mp_tgsylv_blocksize_mb_set_;
        mepack_options_blocksize_double_mp_tgsylv_blocksize_nb_set_;
        mepack_options_blocksize_double_mp_trlyap_blocksize_2stage_set_;
        mepack_options_blocksize_double_mp_trlyap_blocksize_set_;
        mepack_options_blocksize_double_mp_trstein_blocksize_2stage_set_;
        mepack_options_blocksize_double_mp_trstein_blocksize_set_;
        mepack_options_blocksize_double_mp_trsylv2_blocksize_2stage_set_;
        mepack_options_blocksize_double_mp_trsylv2_blocksize_mb_set_;
        mepack_options_blocksize_double_mp_trsylv2_blocksize_nb_set_;
        mepack_options_blocksize_double_mp_trsylv_blocksize_2stage_set_;
        mepack_options_blocksize_double_mp_trsylv_blocksize_mb_set_;
        mepack_options_blocksize_double_mp_trsylv_blocksize_nb_set_;
        mepack_options_blocksize_single_mp_tgcsylv_blocksize_2stage_set_;
        mepack_options_blocksize_single_mp_tgcsylv_blocksize_mb_set_;
        mepack_options_blocksize_single_mp_tgcsylv_blocksize_nb_set_;
        mepack_options_blocksize_single_mp_tgcsylv_dual_blocksize_2stage_set_;
        mepack_options_blocksize_single_mp_tgcsylv_dual_blocksize_mb_set_;
        mepack_options_blocksize_single_mp_tgcsylv_dual_blocksize_nb_set_;
        mepack_options_blocksize_single_mp_tglyap_blocksize_2stage_set_;
        mepack_options_blocksize_single_mp_tglyap_blocksize_set_;
        mepack_options_blocksize_single_mp_tgstein_blocksize_2stage_set_;
        mepack_options_blocksize_single_mp_tgstein_blocksize_set_;
        mepack_options_blocksize_single_mp_tgsylv_blocksize_2stage_set_;
        mepack_options_blocksize_single_mp_tgsylv_blocksize_mb_set_;
        mepack_options_blocksize_single_mp_tgsylv_blocksize_nb_set_;
        mepack_options_blocksize_single_mp_trlyap_blocksize_2stage_set_;
        mepack_options_blocksize_single_mp_trlyap_blocksize_set_;
        mepack_options_blocksize_single_mp_trstein_blocksize_2stage_set_;
        mepack_options_blocksize_single_mp_trstein_blocksize_set_;
        mepack_options_blocksize_single_mp_trsylv2_blocksize_2stage_set_;
        mepack_options_blocksize_single_mp_trsylv2_blocksize_mb_set_;
        mepack_options_blocksize_single_mp_trsylv2_blocksize_nb_set_;
        mepack_options_blocksize_single_mp_trsylv_blocksize_2stage_set_;
        mepack_options_blocksize_single_mp_trsylv_blocksize_mb_set_;
        mepack_options_blocksize_single_mp_trsylv_blocksize_nb_set_;
        mepack_options_frontend_solver_mp_tgcsylv_dual_frontend_solver_;
        mepack_options_frontend_solver_mp_tgcsylv_frontend_solver_;
        mepack_options_frontend_solver_mp_tglyap_frontend_solver_;
        mepack_options_frontend_solver_mp_tgstein_frontend_solver_;
        mepack_options_frontend_solver_mp_tgsylv_frontend_solver_;
        mepack_options_frontend_solver_mp_trlyap_frontend_solver_;
        mepack_options_frontend_solver_mp_trstein_frontend_solver_;
        mepack_options_frontend_solver_mp_trsylv2_frontend_solver_;
        mepack_options_frontend_solver_mp_trsylv_frontend_solver_;
        mepack_options_isolver_mp_tgcsylv_dual_isolver_;
        mepack_options_isolver_mp_tgcsylv_isolver_;
        mepack_options_isolver_mp_tglyap_isolver_;
        mepack_options_isolver_mp_tgstein_isolver_;
        mepack_options_isolver_mp_tgsylv_isolver_;
        mepack_options_isolver_mp_trlyap_isolver_;
        mepack_options_isolver_mp_trstein_isolver_;
        mepack_options_isolver_mp_trsylv2_isolver_;
        mepack_options_isolver_mp_trsylv_isolver_;
        mepack_options_frontend_solver_mp_tgcsylv_dual_frontend_solver_set_;
        mepack_options_frontend_solver_mp_tgcsylv_frontend_solver_set_;
        mepack_options_frontend_solver_mp_tglyap_frontend_solver_set_;
        mepack_options_frontend_solver_mp_tgstein_frontend_solver_set_;
        mepack_options_frontend_solver_mp_tgsylv_frontend_solver_set_;
        mepack_options_frontend_solver_mp_trlyap_frontend_solver_set_;
        mepack_options_frontend_solver_mp_trstein_frontend_solver_set_;
        mepack_options_frontend_solver_mp_trsylv2_frontend_solver_set_;
        mepack_options_frontend_solver_mp_trsylv_frontend_solver_set_;
        mepack_options_isolver_mp_tgcsylv_dual_isolver_set_;
        mepack_options_isolver_mp_tgcsylv_isolver_set_;
        mepack_options_isolver_mp_tglyap_isolver_set_;
        mepack_options_isolver_mp_tgstein_isolver_set_;
        mepack_options_isolver_mp_tgsylv_isolver_set_;
        mepack_options_isolver_mp_trlyap_isolver_set_;
        mepack_options_isolver_mp_trstein_isolver_set_;
        mepack_options_isolver_mp_trsylv2_isolver_set_;
        mepack_options_isolver_mp_trsylv_isolver_set_;
        mepack_options_machine_double_mp_mepack_options_machine_double_init_;
        mepack_options_machine_single_mp_mepack_options_machine_single_init_;
        mepack_options_verbose_mp_verbose_init_;
        mepack_options_blocksize_double_mp_tglyap_blocksize_;
        mepack_options_blocksize_double_mp_tglyap_blocksize_2stage_;
        mepack_options_blocksize_double_mp_tgstein_blocksize_;
        mepack_options_blocksize_double_mp_tgstein_blocksize_2stage_;
        mepack_options_blocksize_double_mp_trlyap_blocksize_;
        mepack_options_blocksize_double_mp_trlyap_blocksize_2stage_;
        mepack_options_blocksize_double_mp_trstein_blocksize_;
        mepack_options_blocksize_double_mp_trstein_blocksize_2stage_;
        mepack_options_blocksize_single_mp_tglyap_blocksize_;
        mepack_options_blocksize_single_mp_tglyap_blocksize_2stage_;
        mepack_options_blocksize_single_mp_tgstein_blocksize_;
        mepack_options_blocksize_single_mp_tgstein_blocksize_2stage_;
        mepack_options_blocksize_single_mp_trlyap_blocksize_;
        mepack_options_blocksize_single_mp_trlyap_blocksize_2stage_;
        mepack_options_blocksize_single_mp_trstein_blocksize_;
        mepack_options_blocksize_single_mp_trstein_blocksize_2stage_;
        mepack_options_blocksize_double_mp_tgcsylv_blocksize_2stage_;
        mepack_options_blocksize_double_mp_tgcsylv_blocksize_mb_;
        mepack_options_blocksize_double_mp_tgcsylv_blocksize_nb_;
        mepack_options_blocksize_double_mp_tgcsylv_dual_blocksize_mb_;
        mepack_options_blocksize_double_mp_tgcsylv_dual_blocksize_nb_;
        mepack_options_blocksize_double_mp_tgsylv_blocksize_2stage_;
        mepack_options_blocksize_double_mp_tgsylv_blocksize_mb_;
        mepack_options_blocksize_double_mp_tgsylv_blocksize_nb_;
        mepack_options_blocksize_double_mp_trsylv2_blocksize_2stage_;
        mepack_options_blocksize_double_mp_trsylv2_blocksize_mb_;
        mepack_options_blocksize_double_mp_trsylv2_blocksize_nb_;
        mepack_options_blocksize_double_mp_trsylv_blocksize_2stage_;
        mepack_options_blocksize_double_mp_trsylv_blocksize_mb_;
        mepack_options_blocksize_double_mp_trsylv_blocksize_nb_;
        mepack_options_blocksize_single_mp_tgcsylv_blocksize_2stage_;
        mepack_options_blocksize_single_mp_tgcsylv_blocksize_mb_;
        mepack_options_blocksize_single_mp_tgcsylv_blocksize_nb_;
        mepack_options_blocksize_single_mp_tgcsylv_dual_blocksize_mb_;
        mepack_options_blocksize_single_mp_tgcsylv_dual_blocksize_nb_;
        mepack_options_blocksize_single_mp_tgsylv_blocksize_2stage_;
        mepack_options_blocksize_single_mp_tgsylv_blocksize_mb_;
        mepack_options_blocksize_single_mp_tgsylv_blocksize_nb_;
        mepack_options_blocksize_single_mp_trsylv2_blocksize_2stage_;
        mepack_options_blocksize_single_mp_trsylv2_blocksize_mb_;
        mepack_options_blocksize_single_mp_trsylv2_blocksize_nb_;
        mepack_options_blocksize_single_mp_trsylv_blocksize_2stage_;
        mepack_options_blocksize_single_mp_trsylv_blocksize_mb_;
        mepack_options_blocksize_single_mp_trsylv_blocksize_nb_;
        mepack_options_blocksize_double_mp_tgcsylv_dual_blocksize_2stage_;
        mepack_options_blocksize_single_mp_tgcsylv_dual_blocksize_2stage_;
        dla_gelyap_;
        dla_gelyap_refine_;
        dla_gestein_;
        dla_gestein_refine_;
        dla_gesylv2_;
        dla_gesylv2_refine_;
        dla_gesylv_;
        dla_gesylv_refine_;
        dla_ggcsylv_;
        dla_ggcsylv_dual_;
        dla_ggcsylv_dual_refine_;
        dla_ggcsylv_refine_;
        dla_gglyap_;
        dla_gglyap_refine_;
        dla_ggstein_;
        dla_ggstein_refine_;
        dla_ggsylv_;
        dla_ggsylv_refine_;
        dla_sort_ev_;
        dla_sort_gev_;
        dla_tgcsylv_dag_;
        dla_tgcsylv_dual_dag_;
        dla_tgcsylv_dual_l2_;
        dla_tgcsylv_dual_l2_local_copy_128_;
        dla_tgcsylv_dual_l2_local_copy_32_;
        dla_tgcsylv_dual_l2_local_copy_64_;
        dla_tgcsylv_dual_l2_local_copy_96_;
        dla_tgcsylv_dual_l2_local_copy_;
        dla_tgcsylv_dual_l3_2s_;
        dla_tgcsylv_dual_l3_;
        dla_tgcsylv_dual_recursive_;
        dla_tgcsylv_l2_;
        dla_tgcsylv_l2_local_copy_128_;
        dla_tgcsylv_l2_local_copy_32_;
        dla_tgcsylv_l2_local_copy_64_;
        dla_tgcsylv_l2_local_copy_96_;
        dla_tgcsylv_l2_local_copy_;
        dla_tgcsylv_l2_reorder_;
        dla_tgcsylv_l2_unopt_;
        dla_tgcsylv_l3_2s_;
        dla_tgcsylv_l3_;
        dla_tgcsylv_l3_unopt_;
        dla_tgcsylv_recursive_;
        dla_tglyap_dag_;
        dla_tglyap_l2_;
        dla_tglyap_l2_unopt_;
        dla_tglyap_l3_2s_;
        dla_tglyap_l3_;
        dla_tglyap_recursive_;
        dla_tgstein_dag_;
        dla_tgstein_l2_;
        dla_tgstein_l3_2s_;
        dla_tgstein_l3_;
        dla_tgstein_recursive_;
        dla_tgsylv_dag_;
        dla_tgsylv_gardiner_laub_;
        dla_tgsylv_l2_;
        dla_tgsylv_l2_colwise_;
        dla_tgsylv_l2_local_copy_128_;
        dla_tgsylv_l2_local_copy_32_;
        dla_tgsylv_l2_local_copy_64_;
        dla_tgsylv_l2_local_copy_96_;
        dla_tgsylv_l2_local_copy_;
        dla_tgsylv_l2_reorder_;
        dla_tgsylv_l2_rowwise_;
        dla_tgsylv_l2_unopt_;
        dla_tgsylv_l3_2s_;
        dla_tgsylv_l3_;
        dla_tgsylv_l3_colwise_;
        dla_tgsylv_l3_rowwise_;
        dla_tgsylv_recursive_;
        dla_transform_general_;
        dla_transform_standard_;
        dla_trlyap_dag_;
        dla_trlyap_l2_;
        dla_trlyap_l2_opt_;
        dla_trlyap_l3_2s_;
        dla_trlyap_l3_;
        dla_trlyap_recursive_;
        dla_trstein_dag_;
        dla_trstein_l2_;
        dla_trstein_l3_2s_;
        dla_trstein_l3_;
        dla_trstein_recursive_;
        dla_trsylv2_dag_;
        dla_trsylv2_l2_;
        dla_trsylv2_l2_local_copy_128_;
        dla_trsylv2_l2_local_copy_32_;
        dla_trsylv2_l2_local_copy_64_;
        dla_trsylv2_l2_local_copy_96_;
        dla_trsylv2_l2_local_copy_;
        dla_trsylv2_l2_reorder_;
        dla_trsylv2_l2_unopt_;
        dla_trsylv2_l3_2s_;
        dla_trsylv2_l3_;
        dla_trsylv2_l3_unopt_;
        dla_trsylv2_recursive_;
        dla_trsylv_dag_;
        dla_trsylv_l2_;
        dla_trsylv_l2_local_copy_128_;
        dla_trsylv_l2_local_copy_32_;
        dla_trsylv_l2_local_copy_64_;
        dla_trsylv_l2_local_copy_96_;
        dla_trsylv_l2_local_copy_;
        dla_trsylv_l2_reorder_;
        dla_trsylv_l2_unopt_;
        dla_trsylv_l3_2s_;
        dla_trsylv_l3_;
        dla_trsylv_l3_unopt_;
        dla_trsylv_recursive_;
        mepack_double_epsilon;
        mepack_double_gelyap;
        mepack_double_gelyap_refine;
        mepack_double_gestein;
        mepack_double_gestein_refine;
        mepack_double_gesylv2;
        mepack_double_gesylv2_refine;
        mepack_double_gesylv;
        mepack_double_gesylv_refine;
        mepack_double_ggcsylv;
        mepack_double_ggcsylv_dual;
        mepack_double_ggcsylv_dual_refine;
        mepack_double_ggcsylv_refine;
        mepack_double_gglyap;
        mepack_double_gglyap_refine;
        mepack_double_ggstein;
        mepack_double_ggstein_refine;
        mepack_double_ggsylv;
        mepack_double_ggsylv_refine;
        mepack_double_tgcsylv_blocksize_2stage_set;
        mepack_double_tgcsylv_blocksize_mb_set;
        mepack_double_tgcsylv_blocksize_nb_set;
        mepack_double_tgcsylv_dag;
        mepack_double_tgcsylv_dual_blocksize_2stage_set;
        mepack_double_tgcsylv_dual_blocksize_mb_set;
        mepack_double_tgcsylv_dual_blocksize_nb_set;
        mepack_double_tgcsylv_dual_dag;
        mepack_double_tgcsylv_dual_level2;
        mepack_double_tgcsylv_dual_level2_local_copy;
        mepack_double_tgcsylv_dual_level2_local_copy_128;
        mepack_double_tgcsylv_dual_level2_local_copy_32;
        mepack_double_tgcsylv_dual_level2_local_copy_64;
        mepack_double_tgcsylv_dual_level2_local_copy_96;
        mepack_double_tgcsylv_dual_level3;
        mepack_double_tgcsylv_dual_level3_2stage;
        mepack_double_tgcsylv_dual_recursive;
        mepack_double_tgcsylv_level2;
        mepack_double_tgcsylv_level2_local_copy;
        mepack_double_tgcsylv_level2_local_copy_128;
        mepack_double_tgcsylv_level2_local_copy_32;
        mepack_double_tgcsylv_level2_local_copy_64;
        mepack_double_tgcsylv_level2_local_copy_96;
        mepack_double_tgcsylv_level2_reorder;
        mepack_double_tgcsylv_level2_unopt;
        mepack_double_tgcsylv_level3;
        mepack_double_tgcsylv_level3_2stage;
        mepack_double_tgcsylv_level3_unopt;
        mepack_double_tgcsylv_recursive;
        mepack_double_tglyap_blocksize_2stage_set;
        mepack_double_tglyap_blocksize_set;
        mepack_double_tglyap_dag;
        mepack_double_tglyap_level2;
        mepack_double_tglyap_level2_unopt;
        mepack_double_tglyap_level3;
        mepack_double_tglyap_level3_2stage;
        mepack_double_tglyap_recursive;
        mepack_double_tgstein_blocksize_2stage_set;
        mepack_double_tgstein_blocksize_set;
        mepack_double_tgstein_dag;
        mepack_double_tgstein_level2;
        mepack_double_tgstein_level3;
        mepack_double_tgstein_level3_2stage;
        mepack_double_tgstein_recursive;
        mepack_double_tgsylv_blocksize_2stage_set;
        mepack_double_tgsylv_blocksize_mb_set;
        mepack_double_tgsylv_blocksize_nb_set;
        mepack_double_tgsylv_dag;
        mepack_double_tgsylv_gardiner_laub;
        mepack_double_tgsylv_level2;
        mepack_double_tgsylv_level2_colwise;
        mepack_double_tgsylv_level2_local_copy;
        mepack_double_tgsylv_level2_local_copy_128;
        mepack_double_tgsylv_level2_local_copy_32;
        mepack_double_tgsylv_level2_local_copy_64;
        mepack_double_tgsylv_level2_local_copy_96;
        mepack_double_tgsylv_level2_reorder;
        mepack_double_tgsylv_level2_rowwise;
        mepack_double_tgsylv_level3;
        mepack_double_tgsylv_level3_2stage;
        mepack_double_tgsylv_level3_colwise;
        mepack_double_tgsylv_level3_rowwise;
        mepack_double_tgsylv_recursive;
        mepack_double_trlyap_blocksize_2stage_set;
        mepack_double_trlyap_blocksize_set;
        mepack_double_trlyap_dag;
        mepack_double_trlyap_level2;
        mepack_double_trlyap_level2_opt;
        mepack_double_trlyap_level3;
        mepack_double_trlyap_level3_2stage;
        mepack_double_trlyap_recursive;
        mepack_double_trstein_blocksize_2stage_set;
        mepack_double_trstein_blocksize_set;
        mepack_double_trstein_dag;
        mepack_double_trstein_level2;
        mepack_double_trstein_level3;
        mepack_double_trstein_level3_2stage;
        mepack_double_trstein_recursive;
        mepack_double_trsylv2_blocksize_2stage_set;
        mepack_double_trsylv2_blocksize_mb_set;
        mepack_double_trsylv2_blocksize_nb_set;
        mepack_double_trsylv2_dag;
        mepack_double_trsylv2_level2;
        mepack_double_trsylv2_level2_local_copy;
        mepack_double_trsylv2_level2_local_copy_128;
        mepack_double_trsylv2_level2_local_copy_32;
        mepack_double_trsylv2_level2_local_copy_64;
        mepack_double_trsylv2_level2_local_copy_96;
        mepack_double_trsylv2_level2_reorder;
        mepack_double_trsylv2_level2_unopt;
        mepack_double_trsylv2_level3;
        mepack_double_trsylv2_level3_2stage;
        mepack_double_trsylv2_level3_unopt;
        mepack_double_trsylv2_recursive;
        mepack_double_trsylv_blocksize_2stage_set;
        mepack_double_trsylv_blocksize_mb_set;
        mepack_double_trsylv_blocksize_nb_set;
        mepack_double_trsylv_dag;
        mepack_double_trsylv_level2;
        mepack_double_trsylv_level2_local_copy;
        mepack_double_trsylv_level2_local_copy_128;
        mepack_double_trsylv_level2_local_copy_32;
        mepack_double_trsylv_level2_local_copy_64;
        mepack_double_trsylv_level2_local_copy_96;
        mepack_double_trsylv_level2_reorder;
        mepack_double_trsylv_level2_unopt;
        mepack_double_trsylv_level3;
        mepack_double_trsylv_level3_2stage;
        mepack_double_trsylv_level3_unopt;
        mepack_double_trsylv_recursive;
        mepack_get_version_;
        mepack_init;
        mepack_initialize_;
        mepack_memory;
        mepack_memory_frontend;
        mepack_openmp_enable;
        mepack_openmp_enabled;
        mepack_single_epsilon;
        mepack_single_gelyap;
        mepack_single_gelyap_refine;
        mepack_single_gestein;
        mepack_single_gestein_refine;
        mepack_single_gesylv2;
        mepack_single_gesylv2_refine;
        mepack_single_gesylv;
        mepack_single_gesylv_refine;
        mepack_single_ggcsylv;
        mepack_single_ggcsylv_dual;
        mepack_single_ggcsylv_dual_refine;
        mepack_single_ggcsylv_refine;
        mepack_single_gglyap;
        mepack_single_gglyap_refine;
        mepack_single_ggstein;
        mepack_single_ggstein_refine;
        mepack_single_ggsylv;
        mepack_single_ggsylv_refine;
        mepack_single_tgcsylv_blocksize_2stage_set;
        mepack_single_tgcsylv_blocksize_mb_set;
        mepack_single_tgcsylv_blocksize_nb_set;
        mepack_single_tgcsylv_dag;
        mepack_single_tgcsylv_dual_blocksize_2stage_set;
        mepack_single_tgcsylv_dual_blocksize_mb_set;
        mepack_single_tgcsylv_dual_blocksize_nb_set;
        mepack_single_tgcsylv_dual_dag;
        mepack_single_tgcsylv_dual_level2;
        mepack_single_tgcsylv_dual_level2_local_copy;
        mepack_single_tgcsylv_dual_level2_local_copy_128;
        mepack_single_tgcsylv_dual_level2_local_copy_32;
        mepack_single_tgcsylv_dual_level2_local_copy_64;
        mepack_single_tgcsylv_dual_level2_local_copy_96;
        mepack_single_tgcsylv_dual_level3;
        mepack_single_tgcsylv_dual_level3_2stage;
        mepack_single_tgcsylv_dual_recursive;
        mepack_single_tgcsylv_level2;
        mepack_single_tgcsylv_level2_local_copy;
        mepack_single_tgcsylv_level2_local_copy_128;
        mepack_single_tgcsylv_level2_local_copy_32;
        mepack_single_tgcsylv_level2_local_copy_64;
        mepack_single_tgcsylv_level2_local_copy_96;
        mepack_single_tgcsylv_level2_reorder;
        mepack_single_tgcsylv_level2_unopt;
        mepack_single_tgcsylv_level3;
        mepack_single_tgcsylv_level3_2stage;
        mepack_single_tgcsylv_level3_unopt;
        mepack_single_tgcsylv_recursive;
        mepack_single_tglyap_blocksize_2stage_set;
        mepack_single_tglyap_blocksize_set;
        mepack_single_tglyap_dag;
        mepack_single_tglyap_level2;
        mepack_single_tglyap_level2_unopt;
        mepack_single_tglyap_level3;
        mepack_single_tglyap_level3_2stage;
        mepack_single_tglyap_recursive;
        mepack_single_tgstein_blocksize_2stage_set;
        mepack_single_tgstein_blocksize_set;
        mepack_single_tgstein_dag;
        mepack_single_tgstein_level2;
        mepack_single_tgstein_level3;
        mepack_single_tgstein_level3_2stage;
        mepack_single_tgstein_recursive;
        mepack_single_tgsylv_blocksize_2stage_set;
        mepack_single_tgsylv_blocksize_mb_set;
        mepack_single_tgsylv_blocksize_nb_set;
        mepack_single_tgsylv_dag;
        mepack_single_tgsylv_gardiner_laub;
        mepack_single_tgsylv_level2;
        mepack_single_tgsylv_level2_colwise;
        mepack_single_tgsylv_level2_local_copy;
        mepack_single_tgsylv_level2_local_copy_128;
        mepack_single_tgsylv_level2_local_copy_32;
        mepack_single_tgsylv_level2_local_copy_64;
        mepack_single_tgsylv_level2_local_copy_96;
        mepack_single_tgsylv_level2_reorder;
        mepack_single_tgsylv_level2_rowwise;
        mepack_single_tgsylv_level3;
        mepack_single_tgsylv_level3_2stage;
        mepack_single_tgsylv_level3_colwise;
        mepack_single_tgsylv_level3_rowwise;
        mepack_single_tgsylv_recursive;
        mepack_single_trlyap_blocksize_2stage_set;
        mepack_single_trlyap_blocksize_set;
        mepack_single_trlyap_dag;
        mepack_single_trlyap_level2;
        mepack_single_trlyap_level2_opt;
        mepack_single_trlyap_level3;
        mepack_single_trlyap_level3_2stage;
        mepack_single_trlyap_recursive;
        mepack_single_trstein_blocksize_2stage_set;
        mepack_single_trstein_blocksize_set;
        mepack_single_trstein_dag;
        mepack_single_trstein_level2;
        mepack_single_trstein_level3;
        mepack_single_trstein_level3_2stage;
        mepack_single_trstein_recursive;
        mepack_single_trsylv2_blocksize_2stage_set;
        mepack_single_trsylv2_blocksize_mb_set;
        mepack_single_trsylv2_blocksize_nb_set;
        mepack_single_trsylv2_dag;
        mepack_single_trsylv2_level2;
        mepack_single_trsylv2_level2_local_copy;
        mepack_single_trsylv2_level2_local_copy_128;
        mepack_single_trsylv2_level2_local_copy_32;
        mepack_single_trsylv2_level2_local_copy_64;
        mepack_single_trsylv2_level2_local_copy_96;
        mepack_single_trsylv2_level2_reorder;
        mepack_single_trsylv2_level2_unopt;
        mepack_single_trsylv2_level3;
        mepack_single_trsylv2_level3_2stage;
        mepack_single_trsylv2_level3_unopt;
        mepack_single_trsylv2_recursive;
        mepack_single_trsylv_blocksize_2stage_set;
        mepack_single_trsylv_blocksize_mb_set;
        mepack_single_trsylv_blocksize_nb_set;
        mepack_single_trsylv_dag;
        mepack_single_trsylv_level2;
        mepack_single_trsylv_level2_local_copy;
        mepack_single_trsylv_level2_local_copy_128;
        mepack_single_trsylv_level2_local_copy_32;
        mepack_single_trsylv_level2_local_copy_64;
        mepack_single_trsylv_level2_local_copy_96;
        mepack_single_trsylv_level2_reorder;
        mepack_single_trsylv_level2_unopt;
        mepack_single_trsylv_level3;
        mepack_single_trsylv_level3_2stage;
        mepack_single_trsylv_level3_unopt;
        mepack_single_trsylv_recursive;
        mepack_sortev_enable;
        mepack_sortev_enabled;
        mepack_tgcsylv_dual_frontend_solver_set;
        mepack_tgcsylv_dual_isolver_set;
        mepack_tgcsylv_frontend_solver_set;
        mepack_tgcsylv_isolver_set;
        mepack_tglyap_frontend_solver_set;
        mepack_tglyap_isolver_set;
        mepack_tgstein_frontend_solver_set;
        mepack_tgstein_isolver_set;
        mepack_tgsylv_frontend_solver_set;
        mepack_tgsylv_isolver_set;
        mepack_trlyap_frontend_solver_set;
        mepack_trlyap_isolver_set;
        mepack_trstein_frontend_solver_set;
        mepack_trstein_isolver_set;
        mepack_trsylv2_frontend_solver_set;
        mepack_trsylv2_isolver_set;
        mepack_trsylv_frontend_solver_set;
        mepack_trsylv_isolver_set;
        mepack_verbose_get;
        mepack_verbose_init;
        mepack_verbose_set;
        mepack_version;
        sla_gelyap_;
        sla_gelyap_refine_;
        sla_gestein_;
        sla_gestein_refine_;
        sla_gesylv2_;
        sla_gesylv2_refine_;
        sla_gesylv_;
        sla_gesylv_refine_;
        sla_ggcsylv_;
        sla_ggcsylv_dual_;
        sla_ggcsylv_dual_refine_;
        sla_ggcsylv_refine_;
        sla_gglyap_;
        sla_gglyap_refine_;
        sla_ggstein_;
        sla_ggstein_refine_;
        sla_ggsylv_;
        sla_ggsylv_refine_;
        sla_sort_ev_;
        sla_sort_gev_;
        sla_tgcsylv_dag_;
        sla_tgcsylv_dual_dag_;
        sla_tgcsylv_dual_l2_;
        sla_tgcsylv_dual_l2_local_copy_128_;
        sla_tgcsylv_dual_l2_local_copy_32_;
        sla_tgcsylv_dual_l2_local_copy_64_;
        sla_tgcsylv_dual_l2_local_copy_96_;
        sla_tgcsylv_dual_l2_local_copy_;
        sla_tgcsylv_dual_l3_2s_;
        sla_tgcsylv_dual_l3_;
        sla_tgcsylv_dual_recursive_;
        sla_tgcsylv_l2_;
        sla_tgcsylv_l2_local_copy_128_;
        sla_tgcsylv_l2_local_copy_32_;
        sla_tgcsylv_l2_local_copy_64_;
        sla_tgcsylv_l2_local_copy_96_;
        sla_tgcsylv_l2_local_copy_;
        sla_tgcsylv_l2_reorder_;
        sla_tgcsylv_l2_unopt_;
        sla_tgcsylv_l3_2s_;
        sla_tgcsylv_l3_;
        sla_tgcsylv_l3_unopt_;
        sla_tgcsylv_recursive_;
        sla_tglyap_dag_;
        sla_tglyap_l2_;
        sla_tglyap_l2_unopt_;
        sla_tglyap_l3_2s_;
        sla_tglyap_l3_;
        sla_tglyap_recursive_;
        sla_tgstein_dag_;
        sla_tgstein_l2_;
        sla_tgstein_l3_2s_;
        sla_tgstein_l3_;
        sla_tgstein_recursive_;
        sla_tgsylv_dag_;
        sla_tgsylv_gardiner_laub_;
        sla_tgsylv_l2_;
        sla_tgsylv_l2_colwise_;
        sla_tgsylv_l2_local_copy_128_;
        sla_tgsylv_l2_local_copy_32_;
        sla_tgsylv_l2_local_copy_64_;
        sla_tgsylv_l2_local_copy_96_;
        sla_tgsylv_l2_local_copy_;
        sla_tgsylv_l2_reorder_;
        sla_tgsylv_l2_rowwise_;
        sla_tgsylv_l2_unopt_;
        sla_tgsylv_l3_2s_;
        sla_tgsylv_l3_;
        sla_tgsylv_l3_colwise_;
        sla_tgsylv_l3_rowwise_;
        sla_tgsylv_recursive_;
        sla_transform_general_;
        sla_transform_standard_;
        sla_trlyap_dag_;
        sla_trlyap_l2_;
        sla_trlyap_l2_opt_;
        sla_trlyap_l3_2s_;
        sla_trlyap_l3_;
        sla_trlyap_recursive_;
        sla_trstein_dag_;
        sla_trstein_l2_;
        sla_trstein_l3_2s_;
        sla_trstein_l3_;
        sla_trstein_recursive_;
        sla_trsylv2_dag_;
        sla_trsylv2_l2_;
        sla_trsylv2_l2_local_copy_128_;
        sla_trsylv2_l2_local_copy_32_;
        sla_trsylv2_l2_local_copy_64_;
        sla_trsylv2_l2_local_copy_96_;
        sla_trsylv2_l2_local_copy_;
        sla_trsylv2_l2_reorder_;
        sla_trsylv2_l2_unopt_;
        sla_trsylv2_l3_2s_;
        sla_trsylv2_l3_;
        sla_trsylv2_l3_unopt_;
        sla_trsylv2_recursive_;
        sla_trsylv_dag_;
        sla_trsylv_l2_;
        sla_trsylv_l2_local_copy_128_;
        sla_trsylv_l2_local_copy_32_;
        sla_trsylv_l2_local_copy_64_;
        sla_trsylv_l2_local_copy_96_;
        sla_trsylv_l2_local_copy_;
        sla_trsylv_l2_reorder_;
        sla_trsylv_l2_unopt_;
        sla_trsylv_l3_2s_;
        sla_trsylv_l3_;
        sla_trsylv_l3_unopt_;
        sla_trsylv_recursive_;
        xerror_set_handler_c_;
        xerror_set_handler_f_;
    local:
        *;
};

MEPACK_1.1 {
    global:
        dla_residual_csylv_;
        dla_residual_csylv_dual_;
        dla_residual_glyap_;
        dla_residual_gstein_;
        dla_residual_gsylv_;
        dla_residual_lyap_;
        dla_residual_stein_;
        dla_residual_sylv2_;
        dla_residual_sylv_;
        mepack_double_residual_csylv;
        mepack_double_residual_csylv_dual;
        mepack_double_residual_glyap;
        mepack_double_residual_gstein;
        mepack_double_residual_gsylv;
        mepack_double_residual_lyap;
        mepack_double_residual_stein;
        mepack_double_residual_sylv2;
        mepack_double_residual_sylv;
        mepack_single_residual_csylv;
        mepack_single_residual_csylv_dual;
        mepack_single_residual_glyap;
        mepack_single_residual_gstein;
        mepack_single_residual_gsylv;
        mepack_single_residual_lyap;
        mepack_single_residual_stein;
        mepack_single_residual_sylv2;
        mepack_single_residual_sylv;
        sla_residual_csylv_;
        sla_residual_csylv_dual_;
        sla_residual_glyap_;
        sla_residual_gstein_;
        sla_residual_gsylv_;
        sla_residual_lyap_;
        sla_residual_stein_;
        sla_residual_sylv2_;
        sla_residual_sylv_;
} MEPACK_1.0;
