MEPACK_1.0 {
    global:
        *;
    local:
        dgetc2x_;
        cgetc2x_;
        __csc_lua_MOD_csc_lua_call_arg_0_ret_0;
        __csc_lua_MOD_csc_lua_call_arg_0_ret_i;
        __csc_lua_MOD_csc_lua_call_arg_0_ret_ii;
        __csc_lua_MOD_csc_lua_call_arg_iii_ret_i;
        __csc_lua_MOD_csc_lua_call_arg_ii_ret_i;
        __csc_lua_MOD_csc_lua_call_arg_i_ret_i;
        __csc_lua_MOD_csc_lua_call_arg_sii_ret_i;
        __csc_lua_MOD_csc_lua_finalize;
        __csc_lua_MOD_csc_lua_global_double;
        __csc_lua_MOD_csc_lua_global_int;
        __csc_lua_MOD_csc_lua_global_string;
        __csc_lua_MOD_csc_lua_init;
        __csc_lua_MOD_csc_lua_loadfile;
        __csc_lua_MOD_csc_lua_loadstring_fortran;
        __csc_lua_MOD_csc_lua_run;
        dla_dtrmm_fix_;
        dla_dtrmm_fix_right_;
        dla_geaxb_;
        dla_itranspose_;
        dla_qtrmm2_;
        dla_small_solve4_;
        dla_small_solve8_;
        dla_tgcsylv_dual_kernel_44nn_;
        dla_tgcsylv_dual_kernel_44nt_;
        dla_tgcsylv_dual_kernel_44tn_;
        dla_tgcsylv_dual_kernel_44tt_;
        dla_tgcsylv_kernel_44nn_;
        dla_tgcsylv_kernel_44nt_;
        dla_tgcsylv_kernel_44tn_;
        dla_tgcsylv_kernel_44tt_;
        dla_tgsylv_kernel_44nn_;
        dla_tgsylv_kernel_44nt_;
        dla_tgsylv_kernel_44tn_;
        dla_tgsylv_kernel_44tt_;
        dla_tgsylv_kron_kernel_;
        dla_trlyap_kernel_44n_;
        dla_trlyap_kernel_44t_;
        dla_trsylv2_kernel_44nn_;
        dla_trsylv2_kernel_44nt_;
        dla_trsylv2_kernel_44tn_;
        dla_trsylv2_kernel_44tt_;
        dla_trsylv_kernel_44nn_;
        dla_trsylv_kernel_44nt_;
        dla_trsylv_kernel_44tn_;
        dla_trsylv_kernel_44tt_;
        dtrmv_seq_;
        idla_tgcsylv_block_;
        idla_tgcsylv_dual_block_;
        idla_tglyap_solve_block_n_;
        idla_tglyap_solve_block_t_;
        idla_tgstein_solve_block_n_;
        idla_tgstein_solve_block_t_;
        idla_tgsylv_solve_block_;
        idla_trlyap_solve_block_n_;
        idla_trlyap_solve_block_t_;
        idla_trstein_solve_block_n_;
        idla_trstein_solve_block_t_;
        idla_trsylv2_solve_block_;
        idla_trsylv_solve_block_;
        isla_tgcsylv_block_;
        isla_tgcsylv_dual_block_;
        isla_tglyap_solve_block_n_;
        isla_tglyap_solve_block_t_;
        isla_tgstein_solve_block_n_;
        isla_tgstein_solve_block_t_;
        isla_tgsylv_solve_block_;
        isla_trlyap_solve_block_n_;
        isla_trlyap_solve_block_t_;
        isla_trstein_solve_block_n_;
        isla_trstein_solve_block_t_;
        isla_trsylv2_solve_block_;
        isla_trsylv_solve_block_;
        sgetc2x_;
        sla_geaxb_;
        sla_itranspose_;
        sla_qtrmm2_;
        sla_small_solve4_;
        sla_small_solve8_;
        sla_strmm_fix_;
        sla_strmm_fix_right_;
        sla_tgcsylv_dual_kernel_44nn_;
        sla_tgcsylv_dual_kernel_44nt_;
        sla_tgcsylv_dual_kernel_44tn_;
        sla_tgcsylv_dual_kernel_44tt_;
        sla_tgcsylv_kernel_44nn_;
        sla_tgcsylv_kernel_44nt_;
        sla_tgcsylv_kernel_44tn_;
        sla_tgcsylv_kernel_44tt_;
        sla_tgsylv_kernel_44nn_;
        sla_tgsylv_kernel_44nt_;
        sla_tgsylv_kernel_44tn_;
        sla_tgsylv_kernel_44tt_;
        sla_tgsylv_kron_kernel_;
        sla_trlyap_kernel_44n_;
        sla_trlyap_kernel_44t_;
        sla_trsylv2_kernel_44nn_;
        sla_trsylv2_kernel_44nt_;
        sla_trsylv2_kernel_44tn_;
        sla_trsylv2_kernel_44tt_;
        sla_trsylv_kernel_44nn_;
        sla_trsylv_kernel_44nt_;
        sla_trsylv_kernel_44tn_;
        sla_trsylv_kernel_44tt_;
        strmv_seq_;
        xerror_handler_;
        zgetc2_;
};
